main.c:43:5:main	8	static
main.c:62:6:idle_task	4	static
main.c:68:6:task1_handler	8	static
main.c:80:6:task2_handler	8	static
main.c:92:6:task3_handler	8	static
main.c:104:6:init_systick_timer	32	static
main.c:129:29:init_scheduler_stack	0	static,ignoring_inline_asm
main.c:136:6:init_tasks_stack	24	static
main.c:182:6:enable_processor_faults	16	static
main.c:193:10:get_psp_value	4	static
main.c:198:6:save_psp_value	16	static
main.c:203:6:update_next_task	16	static
main.c:221:29:switch_sp_to_psp	0	static,ignoring_inline_asm
main.c:237:6:schedule	16	static
main.c:244:6:task_delay	16	static,ignoring_inline_asm
main.c:261:6:update_global_tick_count	4	static
main.c:266:6:unblock_tasks	16	static
main.c:284:29:PendSV_Handler	0	static,ignoring_inline_asm
main.c:324:7:SysTick_Handler	16	static
main.c:340:6:HardFault_Handler	8	static
main.c:347:6:MemManage_Handler	8	static
main.c:353:6:BusFault_Handler	8	static
